// Jest Snapshot v1, https://goo.gl/fbAQLP

exports[`Extend a styled div 1`] = `
.c0 {
  color: red;
}

<div
  className="c0"
/>
`;

exports[`Extend a styled div 2`] = `
.c0 {
  color: red;
  color: red;
}

<div
  className="c0"
/>
`;

exports[`Extend styled-components example 1`] = `
.c0 {
  color: palevioletred;
  font-size: 1em;
  margin: 1em;
  padding: 0.25em 1em;
  border: 2px solid palevioletred;
  border-radius: 3px;
}

.c1 {
  color: palevioletred;
  font-size: 1em;
  margin: 1em;
  padding: 0.25em 1em;
  border: 2px solid palevioletred;
  border-radius: 3px;
  color: tomato;
  border-color: tomato;
}

<div>
  <button
    className="c0"
  >
    Normal Button
  </button>
  <button
    className="c1"
    color="tomato"
  >
    Tomato Button
  </button>
</div>
`;
