// Jest Snapshot v1, https://goo.gl/fbAQLP

exports[`Basic css prop 1`] = `
.c0 {
  background: papayawhip;
  color: green;
}

<div
  className="c0"
/>
`;

exports[`Basic css prop 2`] = `
.c0 {
  padding: 0.5em 1em;
}

<button
  className="c0"
/>
`;

exports[`Basic css prop 3`] = `
.c0 {
  background: papayawhip;
  color: green;
}

<div
  className="c0"
/>
`;

exports[`Basic css prop 4`] = `
.c0 {
  padding: 0.5em 1em;
}

<button
  className="c0"
/>
`;
